../Core/Src/main.c:79:5:main	8	static
../Core/Src/main.c:129:6:SystemClock_Config	120	static
../Core/Src/main.c:178:13:MX_I2C1_Init	8	static
../Core/Src/main.c:226:13:MX_TIM1_Init	112	static
../Core/Src/main.c:306:13:MX_TIM2_Init	40	static
../Core/Src/main.c:351:13:MX_TIM6_Init	24	static
../Core/Src/main.c:389:13:MX_USART2_UART_Init	8	static
../Core/Src/main.c:424:13:MX_GPIO_Init	48	static
../Core/Src/main.c:449:6:Telegraph_Init	8	static
../Core/Src/main.c:467:6:Telegraph_IO_Test	8	static
../Core/Src/main.c:499:6:Generate_Tone_Test	16	static
../Core/Src/main.c:509:6:Error_Handler	4	static,ignoring_inline_asm
